[36mvite v6.4.1 [32mbuilding for production...[36m[39m
transforming...
[32mΓ£ô[39m 97 modules transformed.
npx : [31mΓ£ù[39m 
Build failed in 
1.30s
At line:1 char:1
+ npx vite build 
2>&1 | Tee-Object 
-FilePath 
"build_error.log"; 
Get-Con ...
+ 
~~~~~~~~~~~~~~~~~~~
    + CategoryInfo  
            : NotS  
  pecified: ([31   
 mΓ£ù[39m Build    
 failed in 1.30    
s:String) [], R    
emoteException
    + FullyQualifie 
   dErrorId : Nati  
  veCommandError
 
[31merror during 
build:
[31mCould not 
resolve "../../asset
s/resized/Foxplay-bl
ack-200.webp" from "
src/components/home/
BrandStories.jsx"[3
1m
file: [36mD:/progra
ms/Vadify - Website/
src/components/home/
BrandStories.jsx[31
m
    at 
getRollupError (file
:///D:/programs/Vadi
fy%20-%20Website/nod
e_modules/rollup/dis
t/es/shared/parseAst
.js:402:41)
    at error (file:/
//D:/programs/Vadify
%20-%20Website/node_
modules/rollup/dist/
es/shared/parseAst.j
s:398:42)
    at ModuleLoader.
handleInvalidResolve
dId (file:///D:/prog
rams/Vadify%20-%20We
bsite/node_modules/r
ollup/dist/es/shared
/node-entry.js:21710
:24)
    at file:///D:/pr
ograms/Vadify%20-%20
Website/node_modules
/rollup/dist/es/shar
ed/node-entry.js:216
70:26[39m
